// Jest Snapshot v1, https://goo.gl/fbAQLP

exports[`CardContainer should match the snapshot 1`] = `
ShallowWrapper {
  "length": 1,
  Symbol(enzyme.__root__): [Circular],
  Symbol(enzyme.__unrendered__): <Unknown
    data={
        Array [
            2004,
            2005,
            2006,
            2007,
            2008,
            2009,
            2010,
            2011,
            2012,
            2013,
            2014,
          ]
    }
    selectedCards={
        Array [
            2004,
            2005,
            2006,
            2007,
            2008,
            2009,
            2010,
            2011,
            2012,
            2013,
            2014,
          ]
    }
/>,
  Symbol(enzyme.__renderer__): Object {
    "batchedUpdates": [Function],
    "getNode": [Function],
    "render": [Function],
    "simulateEvent": [Function],
    "unmount": [Function],
  },
  Symbol(enzyme.__node__): Object {
    "instance": null,
    "key": undefined,
    "nodeType": "host",
    "props": Object {
      "children": Array [
        <Card
          className="card clicked"
          data={undefined}
          deselectCard={undefined}
          location={undefined}
          selectCard={undefined}
/>,
        <Card
          className="card clicked"
          data={undefined}
          deselectCard={undefined}
          location={undefined}
          selectCard={undefined}
/>,
        <Card
          className="card clicked"
          data={undefined}
          deselectCard={undefined}
          location={undefined}
          selectCard={undefined}
/>,
        <Card
          className="card clicked"
          data={undefined}
          deselectCard={undefined}
          location={undefined}
          selectCard={undefined}
/>,
        <Card
          className="card clicked"
          data={undefined}
          deselectCard={undefined}
          location={undefined}
          selectCard={undefined}
/>,
        <Card
          className="card clicked"
          data={undefined}
          deselectCard={undefined}
          location={undefined}
          selectCard={undefined}
/>,
        <Card
          className="card clicked"
          data={undefined}
          deselectCard={undefined}
          location={undefined}
          selectCard={undefined}
/>,
        <Card
          className="card clicked"
          data={undefined}
          deselectCard={undefined}
          location={undefined}
          selectCard={undefined}
/>,
        <Card
          className="card clicked"
          data={undefined}
          deselectCard={undefined}
          location={undefined}
          selectCard={undefined}
/>,
        <Card
          className="card clicked"
          data={undefined}
          deselectCard={undefined}
          location={undefined}
          selectCard={undefined}
/>,
        <Card
          className="card clicked"
          data={undefined}
          deselectCard={undefined}
          location={undefined}
          selectCard={undefined}
/>,
      ],
      "className": "card-container",
    },
    "ref": null,
    "rendered": Array [
      Object {
        "instance": null,
        "key": undefined,
        "nodeType": "class",
        "props": Object {
          "className": "card clicked",
          "data": undefined,
          "deselectCard": undefined,
          "location": undefined,
          "selectCard": undefined,
        },
        "ref": null,
        "rendered": null,
        "type": [Function],
      },
      Object {
        "instance": null,
        "key": undefined,
        "nodeType": "class",
        "props": Object {
          "className": "card clicked",
          "data": undefined,
          "deselectCard": undefined,
          "location": undefined,
          "selectCard": undefined,
        },
        "ref": null,
        "rendered": null,
        "type": [Function],
      },
      Object {
        "instance": null,
        "key": undefined,
        "nodeType": "class",
        "props": Object {
          "className": "card clicked",
          "data": undefined,
          "deselectCard": undefined,
          "location": undefined,
          "selectCard": undefined,
        },
        "ref": null,
        "rendered": null,
        "type": [Function],
      },
      Object {
        "instance": null,
        "key": undefined,
        "nodeType": "class",
        "props": Object {
          "className": "card clicked",
          "data": undefined,
          "deselectCard": undefined,
          "location": undefined,
          "selectCard": undefined,
        },
        "ref": null,
        "rendered": null,
        "type": [Function],
      },
      Object {
        "instance": null,
        "key": undefined,
        "nodeType": "class",
        "props": Object {
          "className": "card clicked",
          "data": undefined,
          "deselectCard": undefined,
          "location": undefined,
          "selectCard": undefined,
        },
        "ref": null,
        "rendered": null,
        "type": [Function],
      },
      Object {
        "instance": null,
        "key": undefined,
        "nodeType": "class",
        "props": Object {
          "className": "card clicked",
          "data": undefined,
          "deselectCard": undefined,
          "location": undefined,
          "selectCard": undefined,
        },
        "ref": null,
        "rendered": null,
        "type": [Function],
      },
      Object {
        "instance": null,
        "key": undefined,
        "nodeType": "class",
        "props": Object {
          "className": "card clicked",
          "data": undefined,
          "deselectCard": undefined,
          "location": undefined,
          "selectCard": undefined,
        },
        "ref": null,
        "rendered": null,
        "type": [Function],
      },
      Object {
        "instance": null,
        "key": undefined,
        "nodeType": "class",
        "props": Object {
          "className": "card clicked",
          "data": undefined,
          "deselectCard": undefined,
          "location": undefined,
          "selectCard": undefined,
        },
        "ref": null,
        "rendered": null,
        "type": [Function],
      },
      Object {
        "instance": null,
        "key": undefined,
        "nodeType": "class",
        "props": Object {
          "className": "card clicked",
          "data": undefined,
          "deselectCard": undefined,
          "location": undefined,
          "selectCard": undefined,
        },
        "ref": null,
        "rendered": null,
        "type": [Function],
      },
      Object {
        "instance": null,
        "key": undefined,
        "nodeType": "class",
        "props": Object {
          "className": "card clicked",
          "data": undefined,
          "deselectCard": undefined,
          "location": undefined,
          "selectCard": undefined,
        },
        "ref": null,
        "rendered": null,
        "type": [Function],
      },
      Object {
        "instance": null,
        "key": undefined,
        "nodeType": "class",
        "props": Object {
          "className": "card clicked",
          "data": undefined,
          "deselectCard": undefined,
          "location": undefined,
          "selectCard": undefined,
        },
        "ref": null,
        "rendered": null,
        "type": [Function],
      },
    ],
    "type": "div",
  },
  Symbol(enzyme.__nodes__): Array [
    Object {
      "instance": null,
      "key": undefined,
      "nodeType": "host",
      "props": Object {
        "children": Array [
          <Card
            className="card clicked"
            data={undefined}
            deselectCard={undefined}
            location={undefined}
            selectCard={undefined}
/>,
          <Card
            className="card clicked"
            data={undefined}
            deselectCard={undefined}
            location={undefined}
            selectCard={undefined}
/>,
          <Card
            className="card clicked"
            data={undefined}
            deselectCard={undefined}
            location={undefined}
            selectCard={undefined}
/>,
          <Card
            className="card clicked"
            data={undefined}
            deselectCard={undefined}
            location={undefined}
            selectCard={undefined}
/>,
          <Card
            className="card clicked"
            data={undefined}
            deselectCard={undefined}
            location={undefined}
            selectCard={undefined}
/>,
          <Card
            className="card clicked"
            data={undefined}
            deselectCard={undefined}
            location={undefined}
            selectCard={undefined}
/>,
          <Card
            className="card clicked"
            data={undefined}
            deselectCard={undefined}
            location={undefined}
            selectCard={undefined}
/>,
          <Card
            className="card clicked"
            data={undefined}
            deselectCard={undefined}
            location={undefined}
            selectCard={undefined}
/>,
          <Card
            className="card clicked"
            data={undefined}
            deselectCard={undefined}
            location={undefined}
            selectCard={undefined}
/>,
          <Card
            className="card clicked"
            data={undefined}
            deselectCard={undefined}
            location={undefined}
            selectCard={undefined}
/>,
          <Card
            className="card clicked"
            data={undefined}
            deselectCard={undefined}
            location={undefined}
            selectCard={undefined}
/>,
        ],
        "className": "card-container",
      },
      "ref": null,
      "rendered": Array [
        Object {
          "instance": null,
          "key": undefined,
          "nodeType": "class",
          "props": Object {
            "className": "card clicked",
            "data": undefined,
            "deselectCard": undefined,
            "location": undefined,
            "selectCard": undefined,
          },
          "ref": null,
          "rendered": null,
          "type": [Function],
        },
        Object {
          "instance": null,
          "key": undefined,
          "nodeType": "class",
          "props": Object {
            "className": "card clicked",
            "data": undefined,
            "deselectCard": undefined,
            "location": undefined,
            "selectCard": undefined,
          },
          "ref": null,
          "rendered": null,
          "type": [Function],
        },
        Object {
          "instance": null,
          "key": undefined,
          "nodeType": "class",
          "props": Object {
            "className": "card clicked",
            "data": undefined,
            "deselectCard": undefined,
            "location": undefined,
            "selectCard": undefined,
          },
          "ref": null,
          "rendered": null,
          "type": [Function],
        },
        Object {
          "instance": null,
          "key": undefined,
          "nodeType": "class",
          "props": Object {
            "className": "card clicked",
            "data": undefined,
            "deselectCard": undefined,
            "location": undefined,
            "selectCard": undefined,
          },
          "ref": null,
          "rendered": null,
          "type": [Function],
        },
        Object {
          "instance": null,
          "key": undefined,
          "nodeType": "class",
          "props": Object {
            "className": "card clicked",
            "data": undefined,
            "deselectCard": undefined,
            "location": undefined,
            "selectCard": undefined,
          },
          "ref": null,
          "rendered": null,
          "type": [Function],
        },
        Object {
          "instance": null,
          "key": undefined,
          "nodeType": "class",
          "props": Object {
            "className": "card clicked",
            "data": undefined,
            "deselectCard": undefined,
            "location": undefined,
            "selectCard": undefined,
          },
          "ref": null,
          "rendered": null,
          "type": [Function],
        },
        Object {
          "instance": null,
          "key": undefined,
          "nodeType": "class",
          "props": Object {
            "className": "card clicked",
            "data": undefined,
            "deselectCard": undefined,
            "location": undefined,
            "selectCard": undefined,
          },
          "ref": null,
          "rendered": null,
          "type": [Function],
        },
        Object {
          "instance": null,
          "key": undefined,
          "nodeType": "class",
          "props": Object {
            "className": "card clicked",
            "data": undefined,
            "deselectCard": undefined,
            "location": undefined,
            "selectCard": undefined,
          },
          "ref": null,
          "rendered": null,
          "type": [Function],
        },
        Object {
          "instance": null,
          "key": undefined,
          "nodeType": "class",
          "props": Object {
            "className": "card clicked",
            "data": undefined,
            "deselectCard": undefined,
            "location": undefined,
            "selectCard": undefined,
          },
          "ref": null,
          "rendered": null,
          "type": [Function],
        },
        Object {
          "instance": null,
          "key": undefined,
          "nodeType": "class",
          "props": Object {
            "className": "card clicked",
            "data": undefined,
            "deselectCard": undefined,
            "location": undefined,
            "selectCard": undefined,
          },
          "ref": null,
          "rendered": null,
          "type": [Function],
        },
        Object {
          "instance": null,
          "key": undefined,
          "nodeType": "class",
          "props": Object {
            "className": "card clicked",
            "data": undefined,
            "deselectCard": undefined,
            "location": undefined,
            "selectCard": undefined,
          },
          "ref": null,
          "rendered": null,
          "type": [Function],
        },
      ],
      "type": "div",
    },
  ],
  Symbol(enzyme.__options__): Object {
    "adapter": ReactSixteenAdapter {
      "options": Object {
        "enableComponentDidUpdateOnSetState": true,
      },
    },
  },
}
`;
